2026/09/22 22:14:46 loading configuration: Error loading config file ./config.json, loading default config open ./config.json: The system cannot find the file specified.
2026/09/22 22:14:46 
Loop #1 started
2026/09/22 22:14:46 Found 0 matching instances
2026/09/22 22:14:46 INCREASE_CAPACITY, No instances currently running
2026/09/22 22:14:47 Error while increasing capacity: Error starting instance  launching EC2 instance with AMI "ami-0f8a61b66d1accaee": operation error EC2: RunInstances, https response error StatusCode: 400, RequestID: 76ef7831-001a-4058-9854-b12697ee1ce3, api error MissingParameter: When specifying a security group you must specify one of group id or group name for each item. Trying again
2026/09/22 22:14:52 
Loop #2 started
2026/09/22 22:14:52 Found 0 matching instances
2026/09/22 22:14:52 INCREASE_CAPACITY, No instances currently running
2026/09/22 22:14:52 Error while increasing capacity: Error starting instance  launching EC2 instance with AMI "ami-0f8a61b66d1accaee": operation error EC2: RunInstances, https response error StatusCode: 400, RequestID: bff767e0-bb57-48e2-9b0b-8b5fa586a2dd, api error MissingParameter: When specifying a security group you must specify one of group id or group name for each item. Trying again
2026/09/22 22:14:57 
Loop #3 started
2026/09/22 22:14:58 Found 0 matching instances
2026/09/22 22:14:58 INCREASE_CAPACITY, No instances currently running
2026/09/22 22:14:58 Error while increasing capacity: Error starting instance  launching EC2 instance with AMI "ami-0f8a61b66d1accaee": operation error EC2: RunInstances, https response error StatusCode: 400, RequestID: 6dfd251a-5db7-413e-9603-9670286c8c30, api error MissingParameter: When specifying a security group you must specify one of group id or group name for each item. Trying again
2026/09/22 22:15:03 
Loop #4 started
2026/09/22 22:15:04 Found 0 matching instances
2026/09/22 22:15:04 INCREASE_CAPACITY, No instances currently running
2026/09/22 22:15:04 Error while increasing capacity: Error starting instance  launching EC2 instance with AMI "ami-0f8a61b66d1accaee": operation error EC2: RunInstances, https response error StatusCode: 400, RequestID: 579abfbf-362e-4508-824d-bc5b6f9c8603, api error MissingParameter: When specifying a security group you must specify one of group id or group name for each item. Trying again
2026/09/22 22:15:09 
Loop #5 started
2026/09/22 22:15:09 Found 0 matching instances
2026/09/22 22:15:09 INCREASE_CAPACITY, No instances currently running
2026/09/22 22:15:10 Error while increasing capacity: Error starting instance  launching EC2 instance with AMI "ami-0f8a61b66d1accaee": operation error EC2: RunInstances, https response error StatusCode: 400, RequestID: 0bc0884d-c079-4bd7-ad5c-c25b8b110b0b, api error MissingParameter: When specifying a security group you must specify one of group id or group name for each item. Trying again
